2025-11-14T10:35:22.555-05:00  INFO 13820 --- [SistemaBiblioteca] [JavaFX-Launcher] o.s.boot.SpringApplication               : Starting application using Java 24 with PID 13820 (started by PC in C:\Users\PC\Documents\dg1000\codigos github\POO_Examen_3\SistemaBiblioteca)
2025-11-14T10:35:22.569-05:00  INFO 13820 --- [SistemaBiblioteca] [JavaFX-Launcher] o.s.boot.SpringApplication               : No active profile set, falling back to 1 default profile: "default"
2025-11-14T10:35:24.650-05:00  INFO 13820 --- [SistemaBiblioteca] [JavaFX-Launcher] .s.d.r.c.RepositoryConfigurationDelegate : Bootstrapping Spring Data JPA repositories in DEFAULT mode.
2025-11-14T10:35:24.809-05:00  INFO 13820 --- [SistemaBiblioteca] [JavaFX-Launcher] .s.d.r.c.RepositoryConfigurationDelegate : Finished Spring Data repository scanning in 137 ms. Found 6 JPA repository interfaces.
2025-11-14T10:35:25.470-05:00  INFO 13820 --- [SistemaBiblioteca] [JavaFX-Launcher] o.hibernate.jpa.internal.util.LogHelper  : HHH000204: Processing PersistenceUnitInfo [name: default]
2025-11-14T10:35:25.594-05:00  INFO 13820 --- [SistemaBiblioteca] [JavaFX-Launcher] org.hibernate.Version                    : HHH000412: Hibernate ORM core version 6.6.29.Final
2025-11-14T10:35:25.660-05:00  INFO 13820 --- [SistemaBiblioteca] [JavaFX-Launcher] o.h.c.internal.RegionFactoryInitiator    : HHH000026: Second-level cache disabled
2025-11-14T10:35:26.266-05:00  INFO 13820 --- [SistemaBiblioteca] [JavaFX-Launcher] o.s.o.j.p.SpringPersistenceUnitInfo      : No LoadTimeWeaver setup: ignoring JPA class transformer
2025-11-14T10:35:26.329-05:00  INFO 13820 --- [SistemaBiblioteca] [JavaFX-Launcher] com.zaxxer.hikari.HikariDataSource       : HikariPool-1 - Starting...
2025-11-14T10:35:26.709-05:00  INFO 13820 --- [SistemaBiblioteca] [JavaFX-Launcher] com.zaxxer.hikari.pool.HikariPool        : HikariPool-1 - Added connection org.sqlite.jdbc4.JDBC4Connection@315138c4
2025-11-14T10:35:26.712-05:00  INFO 13820 --- [SistemaBiblioteca] [JavaFX-Launcher] com.zaxxer.hikari.HikariDataSource       : HikariPool-1 - Start completed.
2025-11-14T10:35:26.783-05:00  INFO 13820 --- [SistemaBiblioteca] [JavaFX-Launcher] org.hibernate.orm.connections.pooling    : HHH10001005: Database info:
	Database JDBC URL [Connecting through datasource 'HikariDataSource (HikariPool-1)']
	Database driver: undefined/unknown
	Database version: 3.46
	Autocommit mode: undefined/unknown
	Isolation level: undefined/unknown
	Minimum pool size: undefined/unknown
	Maximum pool size: undefined/unknown
2025-11-14T10:35:29.103-05:00  INFO 13820 --- [SistemaBiblioteca] [JavaFX-Launcher] o.h.e.t.j.p.i.JtaPlatformInitiator       : HHH000489: No JTA platform available (set 'hibernate.transaction.jta.platform' to enable JTA platform integration)
2025-11-14T10:35:29.177-05:00  INFO 13820 --- [SistemaBiblioteca] [JavaFX-Launcher] j.LocalContainerEntityManagerFactoryBean : Initialized JPA EntityManagerFactory for persistence unit 'default'
2025-11-14T10:35:29.983-05:00  INFO 13820 --- [SistemaBiblioteca] [JavaFX-Launcher] o.s.d.j.r.query.QueryEnhancerFactory     : Hibernate is in classpath; If applicable, HQL parser will be used.
2025-11-14T10:35:30.515-05:00  INFO 13820 --- [SistemaBiblioteca] [JavaFX-Launcher] o.s.boot.SpringApplication               : Started application in 8.905 seconds (process running for 11.68)
2025-11-14T10:37:52.438-05:00  INFO 13820 --- [SistemaBiblioteca] [SpringApplicationShutdownHook] j.LocalContainerEntityManagerFactoryBean : Closing JPA EntityManagerFactory for persistence unit 'default'
2025-11-14T10:37:52.450-05:00  INFO 13820 --- [SistemaBiblioteca] [SpringApplicationShutdownHook] com.zaxxer.hikari.HikariDataSource       : HikariPool-1 - Shutdown initiated...
2025-11-14T10:37:52.464-05:00  INFO 13820 --- [SistemaBiblioteca] [SpringApplicationShutdownHook] com.zaxxer.hikari.HikariDataSource       : HikariPool-1 - Shutdown completed.
2025-11-14T10:47:12.424-05:00  INFO 3396 --- [SistemaBiblioteca] [JavaFX-Launcher] o.s.boot.SpringApplication               : Starting application using Java 24 with PID 3396 (started by PC in C:\Users\PC\Documents\dg1000\codigos github\POO_Examen_3\SistemaBiblioteca)
2025-11-14T10:47:12.429-05:00  INFO 3396 --- [SistemaBiblioteca] [JavaFX-Launcher] o.s.boot.SpringApplication               : No active profile set, falling back to 1 default profile: "default"
2025-11-14T10:47:13.626-05:00  INFO 3396 --- [SistemaBiblioteca] [JavaFX-Launcher] .s.d.r.c.RepositoryConfigurationDelegate : Bootstrapping Spring Data JPA repositories in DEFAULT mode.
2025-11-14T10:47:13.780-05:00  INFO 3396 --- [SistemaBiblioteca] [JavaFX-Launcher] .s.d.r.c.RepositoryConfigurationDelegate : Finished Spring Data repository scanning in 133 ms. Found 6 JPA repository interfaces.
2025-11-14T10:47:14.401-05:00  INFO 3396 --- [SistemaBiblioteca] [JavaFX-Launcher] o.hibernate.jpa.internal.util.LogHelper  : HHH000204: Processing PersistenceUnitInfo [name: default]
2025-11-14T10:47:14.491-05:00  INFO 3396 --- [SistemaBiblioteca] [JavaFX-Launcher] org.hibernate.Version                    : HHH000412: Hibernate ORM core version 6.6.29.Final
2025-11-14T10:47:14.556-05:00  INFO 3396 --- [SistemaBiblioteca] [JavaFX-Launcher] o.h.c.internal.RegionFactoryInitiator    : HHH000026: Second-level cache disabled
2025-11-14T10:47:15.098-05:00  INFO 3396 --- [SistemaBiblioteca] [JavaFX-Launcher] o.s.o.j.p.SpringPersistenceUnitInfo      : No LoadTimeWeaver setup: ignoring JPA class transformer
2025-11-14T10:47:15.177-05:00  INFO 3396 --- [SistemaBiblioteca] [JavaFX-Launcher] com.zaxxer.hikari.HikariDataSource       : HikariPool-1 - Starting...
2025-11-14T10:47:15.498-05:00  INFO 3396 --- [SistemaBiblioteca] [JavaFX-Launcher] com.zaxxer.hikari.pool.HikariPool        : HikariPool-1 - Added connection org.sqlite.jdbc4.JDBC4Connection@5ba99b48
2025-11-14T10:47:15.501-05:00  INFO 3396 --- [SistemaBiblioteca] [JavaFX-Launcher] com.zaxxer.hikari.HikariDataSource       : HikariPool-1 - Start completed.
2025-11-14T10:47:15.585-05:00  INFO 3396 --- [SistemaBiblioteca] [JavaFX-Launcher] org.hibernate.orm.connections.pooling    : HHH10001005: Database info:
	Database JDBC URL [Connecting through datasource 'HikariDataSource (HikariPool-1)']
	Database driver: undefined/unknown
	Database version: 3.46
	Autocommit mode: undefined/unknown
	Isolation level: undefined/unknown
	Minimum pool size: undefined/unknown
	Maximum pool size: undefined/unknown
2025-11-14T10:47:17.446-05:00  INFO 3396 --- [SistemaBiblioteca] [JavaFX-Launcher] o.h.e.t.j.p.i.JtaPlatformInitiator       : HHH000489: No JTA platform available (set 'hibernate.transaction.jta.platform' to enable JTA platform integration)
2025-11-14T10:47:17.505-05:00  INFO 3396 --- [SistemaBiblioteca] [JavaFX-Launcher] j.LocalContainerEntityManagerFactoryBean : Initialized JPA EntityManagerFactory for persistence unit 'default'
2025-11-14T10:47:18.146-05:00  INFO 3396 --- [SistemaBiblioteca] [JavaFX-Launcher] o.s.d.j.r.query.QueryEnhancerFactory     : Hibernate is in classpath; If applicable, HQL parser will be used.
2025-11-14T10:47:18.610-05:00  INFO 3396 --- [SistemaBiblioteca] [JavaFX-Launcher] o.s.boot.SpringApplication               : Started application in 7.07 seconds (process running for 8.453)
2025-11-14T10:48:51.543-05:00  INFO 3396 --- [SistemaBiblioteca] [SpringApplicationShutdownHook] j.LocalContainerEntityManagerFactoryBean : Closing JPA EntityManagerFactory for persistence unit 'default'
2025-11-14T10:48:51.546-05:00  INFO 3396 --- [SistemaBiblioteca] [SpringApplicationShutdownHook] com.zaxxer.hikari.HikariDataSource       : HikariPool-1 - Shutdown initiated...
2025-11-14T10:48:51.551-05:00  INFO 3396 --- [SistemaBiblioteca] [SpringApplicationShutdownHook] com.zaxxer.hikari.HikariDataSource       : HikariPool-1 - Shutdown completed.
2025-11-14T10:56:20.049-05:00  INFO 9568 --- [SistemaBiblioteca] [JavaFX-Launcher] o.s.boot.SpringApplication               : Starting application using Java 24 with PID 9568 (started by PC in C:\Users\PC\Documents\dg1000\codigos github\POO_Examen_3\SistemaBiblioteca)
2025-11-14T10:56:20.054-05:00  INFO 9568 --- [SistemaBiblioteca] [JavaFX-Launcher] o.s.boot.SpringApplication               : No active profile set, falling back to 1 default profile: "default"
2025-11-14T10:56:21.306-05:00  INFO 9568 --- [SistemaBiblioteca] [JavaFX-Launcher] .s.d.r.c.RepositoryConfigurationDelegate : Bootstrapping Spring Data JPA repositories in DEFAULT mode.
2025-11-14T10:56:21.457-05:00  INFO 9568 --- [SistemaBiblioteca] [JavaFX-Launcher] .s.d.r.c.RepositoryConfigurationDelegate : Finished Spring Data repository scanning in 135 ms. Found 6 JPA repository interfaces.
2025-11-14T10:56:22.092-05:00  INFO 9568 --- [SistemaBiblioteca] [JavaFX-Launcher] o.hibernate.jpa.internal.util.LogHelper  : HHH000204: Processing PersistenceUnitInfo [name: default]
2025-11-14T10:56:22.208-05:00  INFO 9568 --- [SistemaBiblioteca] [JavaFX-Launcher] org.hibernate.Version                    : HHH000412: Hibernate ORM core version 6.6.29.Final
2025-11-14T10:56:22.281-05:00  INFO 9568 --- [SistemaBiblioteca] [JavaFX-Launcher] o.h.c.internal.RegionFactoryInitiator    : HHH000026: Second-level cache disabled
2025-11-14T10:56:22.835-05:00  INFO 9568 --- [SistemaBiblioteca] [JavaFX-Launcher] o.s.o.j.p.SpringPersistenceUnitInfo      : No LoadTimeWeaver setup: ignoring JPA class transformer
2025-11-14T10:56:22.891-05:00  INFO 9568 --- [SistemaBiblioteca] [JavaFX-Launcher] com.zaxxer.hikari.HikariDataSource       : HikariPool-1 - Starting...
2025-11-14T10:56:23.213-05:00  INFO 9568 --- [SistemaBiblioteca] [JavaFX-Launcher] com.zaxxer.hikari.pool.HikariPool        : HikariPool-1 - Added connection org.sqlite.jdbc4.JDBC4Connection@1e1c7d1
2025-11-14T10:56:23.216-05:00  INFO 9568 --- [SistemaBiblioteca] [JavaFX-Launcher] com.zaxxer.hikari.HikariDataSource       : HikariPool-1 - Start completed.
2025-11-14T10:56:23.275-05:00  INFO 9568 --- [SistemaBiblioteca] [JavaFX-Launcher] org.hibernate.orm.connections.pooling    : HHH10001005: Database info:
	Database JDBC URL [Connecting through datasource 'HikariDataSource (HikariPool-1)']
	Database driver: undefined/unknown
	Database version: 3.46
	Autocommit mode: undefined/unknown
	Isolation level: undefined/unknown
	Minimum pool size: undefined/unknown
	Maximum pool size: undefined/unknown
2025-11-14T10:56:24.943-05:00  INFO 9568 --- [SistemaBiblioteca] [JavaFX-Launcher] o.h.e.t.j.p.i.JtaPlatformInitiator       : HHH000489: No JTA platform available (set 'hibernate.transaction.jta.platform' to enable JTA platform integration)
2025-11-14T10:56:24.997-05:00  INFO 9568 --- [SistemaBiblioteca] [JavaFX-Launcher] j.LocalContainerEntityManagerFactoryBean : Initialized JPA EntityManagerFactory for persistence unit 'default'
2025-11-14T10:56:25.660-05:00  INFO 9568 --- [SistemaBiblioteca] [JavaFX-Launcher] o.s.d.j.r.query.QueryEnhancerFactory     : Hibernate is in classpath; If applicable, HQL parser will be used.
2025-11-14T10:56:26.141-05:00  INFO 9568 --- [SistemaBiblioteca] [JavaFX-Launcher] o.s.boot.SpringApplication               : Started application in 6.986 seconds (process running for 8.37)
2025-11-14T10:57:33.317-05:00  INFO 9568 --- [SistemaBiblioteca] [SpringApplicationShutdownHook] j.LocalContainerEntityManagerFactoryBean : Closing JPA EntityManagerFactory for persistence unit 'default'
2025-11-14T10:57:33.321-05:00  INFO 9568 --- [SistemaBiblioteca] [SpringApplicationShutdownHook] com.zaxxer.hikari.HikariDataSource       : HikariPool-1 - Shutdown initiated...
2025-11-14T10:57:33.324-05:00  INFO 9568 --- [SistemaBiblioteca] [SpringApplicationShutdownHook] com.zaxxer.hikari.HikariDataSource       : HikariPool-1 - Shutdown completed.
